Command line invocation:
    /Applications/Xcode.app/Contents/Developer/usr/bin/xcodebuild -project Leastimator.xcodeproj -scheme Leastimator -configuration Debug -sdk iphonesimulator build

Build settings from command line:
    SDKROOT = iphonesimulator26.4

Resolve Package Graph


Resolved source packages:
  SwiftRater: https://github.com/takecian/SwiftRater @ 2.2.3
  TPInAppReceipt: https://github.com/tikhop/TPInAppReceipt.git @ 3.4.1
  ASN1Swift: https://github.com/tikhop/ASN1Swift @ 1.2.7
  GoogleMobileAds: https://github.com/googleads/swift-package-manager-google-mobile-ads.git @ 12.14.0
  Mixpanel: https://github.com/mixpanel/mixpanel-swift.git @ master (5ecded2)
  GoogleUserMessagingPlatform: https://github.com/googleads/swift-package-manager-google-user-messaging-platform.git @ 2.7.0

--- xcodebuild: WARNING: Using the first of multiple matching destinations:
{ platform:iOS Simulator, id:dvtdevice-DVTiOSDeviceSimulatorPlaceholder-iphonesimulator:placeholder, name:Any iOS Simulator Device }
{ platform:iOS Simulator, arch:arm64, id:263763E0-9387-49E9-B6BB-990DF3912439, OS:26.3.1, name:iPad (A16) }
{ platform:iOS Simulator, arch:arm64, id:72C53B02-2A53-468E-839D-D5CA53F194AA, OS:26.4.1, name:iPad Air 13-inch (M4) }
{ platform:iOS Simulator, arch:arm64, id:9B5EA4A5-0AA7-4383-AD2B-335A45B0CE32, OS:26.3.1, name:iPad Pro 13-inch (M5) }
{ platform:iOS Simulator, arch:arm64, id:C0DCF296-8AB0-4311-8D0B-3CD131A4C022, OS:26.3.1, name:iPad mini (A17 Pro) }
{ platform:iOS Simulator, arch:arm64, id:32C399E4-2BFD-48A8-A859-D52594994F7F, OS:26.3.1, name:iPhone 17 }
{ platform:iOS Simulator, arch:arm64, id:77BDF115-FF1D-48F5-AB05-DF1215464537, OS:26.3.1, name:iPhone 17 Pro }
{ platform:iOS Simulator, arch:arm64, id:96C03660-7DD2-4950-9CDE-59713A3BE938, OS:26.3.1, name:iPhone 17 Pro Max }
{ platform:iOS, id:dvtdevice-DVTiPhonePlaceholder-iphoneos:placeholder, name:Any iOS Device }
{ platform:iOS, arch:arm64, id:00008150-0002030114C2401C, name:iPhone 17 Pro Max }
ComputePackagePrebuildTargetDependencyGraph

Prepare packages

CreateBuildRequest

SendProjectDescription

CreateBuildOperation

ComputeTargetDependencyGraph
note: Building targets in dependency order
note: Target dependency graph (18 targets)
    Target 'Leastimator' in project 'Leastimator'
        ➜ Explicit dependency on target 'EstimateWidgetExtension' in project 'Leastimator'
        ➜ Explicit dependency on target 'GoogleMobileAds' in project 'GoogleMobileAds'
        ➜ Explicit dependency on target 'SwiftRater' in project 'SwiftRater'
        ➜ Explicit dependency on target 'Mixpanel' in project 'Mixpanel'
        ➜ Explicit dependency on target 'TPInAppReceipt' in project 'TPInAppReceipt'
    Target 'TPInAppReceipt' in project 'TPInAppReceipt'
        ➜ Explicit dependency on target 'TPInAppReceipt' in project 'TPInAppReceipt'
        ➜ Explicit dependency on target 'TPInAppReceipt_TPInAppReceipt' in project 'TPInAppReceipt'
        ➜ Explicit dependency on target 'ASN1Swift' in project 'ASN1Swift'
    Target 'TPInAppReceipt' in project 'TPInAppReceipt'
        ➜ Explicit dependency on target 'TPInAppReceipt_TPInAppReceipt' in project 'TPInAppReceipt'
        ➜ Explicit dependency on target 'ASN1Swift' in project 'ASN1Swift'
    Target 'ASN1Swift' in project 'ASN1Swift'
        ➜ Explicit dependency on target 'ASN1Swift' in project 'ASN1Swift'
        ➜ Explicit dependency on target 'ASN1Swift_ASN1Swift' in project 'ASN1Swift'
    Target 'ASN1Swift' in project 'ASN1Swift'
        ➜ Explicit dependency on target 'ASN1Swift_ASN1Swift' in project 'ASN1Swift'
    Target 'ASN1Swift_ASN1Swift' in project 'ASN1Swift' (no dependencies)
    Target 'TPInAppReceipt_TPInAppReceipt' in project 'TPInAppReceipt' (no dependencies)
    Target 'Mixpanel' in project 'Mixpanel'
        ➜ Explicit dependency on target 'Mixpanel' in project 'Mixpanel'
        ➜ Explicit dependency on target 'Mixpanel_Mixpanel' in project 'Mixpanel'
    Target 'Mixpanel' in project 'Mixpanel'
        ➜ Explicit dependency on target 'Mixpanel_Mixpanel' in project 'Mixpanel'
    Target 'Mixpanel_Mixpanel' in project 'Mixpanel' (no dependencies)
    Target 'SwiftRater' in project 'SwiftRater'
        ➜ Explicit dependency on target 'SwiftRater' in project 'SwiftRater'
        ➜ Explicit dependency on target 'SwiftRater_SwiftRater' in project 'SwiftRater'
    Target 'SwiftRater' in project 'SwiftRater'
        ➜ Explicit dependency on target 'SwiftRater_SwiftRater' in project 'SwiftRater'
    Target 'SwiftRater_SwiftRater' in project 'SwiftRater' (no dependencies)
    Target 'GoogleMobileAds' in project 'GoogleMobileAds'
        ➜ Explicit dependency on target 'GoogleMobileAdsTarget' in project 'GoogleMobileAds'
        ➜ Explicit dependency on target 'GoogleUserMessagingPlatform' in project 'GoogleUserMessagingPlatform'
    Target 'GoogleMobileAdsTarget' in project 'GoogleMobileAds'
        ➜ Explicit dependency on target 'GoogleUserMessagingPlatform' in project 'GoogleUserMessagingPlatform'
    Target 'GoogleUserMessagingPlatform' in project 'GoogleUserMessagingPlatform'
        ➜ Explicit dependency on target 'UserMessagingPlatformTarget' in project 'GoogleUserMessagingPlatform'
    Target 'UserMessagingPlatformTarget' in project 'GoogleUserMessagingPlatform' (no dependencies)
    Target 'EstimateWidgetExtension' in project 'Leastimator' (no dependencies)

GatherProvisioningInputs

CreateBuildDescription

ClangStatCache /Applications/Xcode.app/Contents/Developer/Toolchains/XcodeDefault.xctoolchain/usr/bin/clang-stat-cache /Applications/Xcode.app/Contents/Developer/Platforms/iPhoneSimulator.platform/Developer/SDKs/iPhoneSimulator26.4.sdk /Users/god/Library/Developer/Xcode/DerivedData/SDKStatCaches.noindex/iphonesimulator26.4-23E252-686eebb5dc1d8ecb277353a59184f4aa.sdkstatcache
    cd /Users/god/workspace/leastimator-ios/Leastimator.xcodeproj
    /Applications/Xcode.app/Contents/Developer/Toolchains/XcodeDefault.xctoolchain/usr/bin/clang-stat-cache /Applications/Xcode.app/Contents/Developer/Platforms/iPhoneSimulator.platform/Developer/SDKs/iPhoneSimulator26.4.sdk -o /Users/god/Library/Developer/Xcode/DerivedData/SDKStatCaches.noindex/iphonesimulator26.4-23E252-686eebb5dc1d8ecb277353a59184f4aa.sdkstatcache

ProcessInfoPlistFile /Users/god/Library/Developer/Xcode/DerivedData/Leastimator-dyipbnululkmvjgtqdvrgzqettyv/Build/Products/Debug-iphonesimulator/TPInAppReceipt_TPInAppReceipt.bundle/Info.plist /Users/god/Library/Developer/Xcode/DerivedData/Leastimator-dyipbnululkmvjgtqdvrgzqettyv/Build/Intermediates.noindex/TPInAppReceipt.build/Debug-iphonesimulator/TPInAppReceipt_TPInAppReceipt.build/empty-TPInAppReceipt_TPInAppReceipt.plist (in target 'TPInAppReceipt_TPInAppReceipt' from project 'TPInAppReceipt')
    cd /Users/god/Library/Developer/Xcode/DerivedData/Leastimator-dyipbnululkmvjgtqdvrgzqettyv/SourcePackages/checkouts/TPInAppReceipt
    builtin-infoPlistUtility /Users/god/Library/Developer/Xcode/DerivedData/Leastimator-dyipbnululkmvjgtqdvrgzqettyv/Build/Intermediates.noindex/TPInAppReceipt.build/Debug-iphonesimulator/TPInAppReceipt_TPInAppReceipt.build/empty-TPInAppReceipt_TPInAppReceipt.plist -producttype com.apple.product-type.bundle -expandbuildsettings -format binary -platform iphonesimulator -o /Users/god/Library/Developer/Xcode/DerivedData/Leastimator-dyipbnululkmvjgtqdvrgzqettyv/Build/Products/Debug-iphonesimulator/TPInAppReceipt_TPInAppReceipt.bundle/Info.plist

ProcessInfoPlistFile /Users/god/Library/Developer/Xcode/DerivedData/Leastimator-dyipbnululkmvjgtqdvrgzqettyv/Build/Products/Debug-iphonesimulator/Mixpanel_Mixpanel.bundle/Info.plist /Users/god/Library/Developer/Xcode/DerivedData/Leastimator-dyipbnululkmvjgtqdvrgzqettyv/Build/Intermediates.noindex/Mixpanel.build/Debug-iphonesimulator/Mixpanel_Mixpanel.build/empty-Mixpanel_Mixpanel.plist (in target 'Mixpanel_Mixpanel' from project 'Mixpanel')
    cd /Users/god/Library/Developer/Xcode/DerivedData/Leastimator-dyipbnululkmvjgtqdvrgzqettyv/SourcePackages/checkouts/mixpanel-swift
    builtin-infoPlistUtility /Users/god/Library/Developer/Xcode/DerivedData/Leastimator-dyipbnululkmvjgtqdvrgzqettyv/Build/Intermediates.noindex/Mixpanel.build/Debug-iphonesimulator/Mixpanel_Mixpanel.build/empty-Mixpanel_Mixpanel.plist -producttype com.apple.product-type.bundle -expandbuildsettings -format binary -platform iphonesimulator -o /Users/god/Library/Developer/Xcode/DerivedData/Leastimator-dyipbnululkmvjgtqdvrgzqettyv/Build/Products/Debug-iphonesimulator/Mixpanel_Mixpanel.bundle/Info.plist

ProcessInfoPlistFile /Users/god/Library/Developer/Xcode/DerivedData/Leastimator-dyipbnululkmvjgtqdvrgzqettyv/Build/Products/Debug-iphonesimulator/SwiftRater_SwiftRater.bundle/Info.plist /Users/god/Library/Developer/Xcode/DerivedData/Leastimator-dyipbnululkmvjgtqdvrgzqettyv/Build/Intermediates.noindex/SwiftRater.build/Debug-iphonesimulator/SwiftRater_SwiftRater.build/empty-SwiftRater_SwiftRater.plist (in target 'SwiftRater_SwiftRater' from project 'SwiftRater')
    cd /Users/god/Library/Developer/Xcode/DerivedData/Leastimator-dyipbnululkmvjgtqdvrgzqettyv/SourcePackages/checkouts/SwiftRater
    builtin-infoPlistUtility /Users/god/Library/Developer/Xcode/DerivedData/Leastimator-dyipbnululkmvjgtqdvrgzqettyv/Build/Intermediates.noindex/SwiftRater.build/Debug-iphonesimulator/SwiftRater_SwiftRater.build/empty-SwiftRater_SwiftRater.plist -producttype com.apple.product-type.bundle -expandbuildsettings -format binary -platform iphonesimulator -o /Users/god/Library/Developer/Xcode/DerivedData/Leastimator-dyipbnululkmvjgtqdvrgzqettyv/Build/Products/Debug-iphonesimulator/SwiftRater_SwiftRater.bundle/Info.plist

ProcessInfoPlistFile /Users/god/Library/Developer/Xcode/DerivedData/Leastimator-dyipbnululkmvjgtqdvrgzqettyv/Build/Products/Debug-iphonesimulator/ASN1Swift_ASN1Swift.bundle/Info.plist /Users/god/Library/Developer/Xcode/DerivedData/Leastimator-dyipbnululkmvjgtqdvrgzqettyv/Build/Intermediates.noindex/ASN1Swift.build/Debug-iphonesimulator/ASN1Swift_ASN1Swift.build/empty-ASN1Swift_ASN1Swift.plist (in target 'ASN1Swift_ASN1Swift' from project 'ASN1Swift')
    cd /Users/god/Library/Developer/Xcode/DerivedData/Leastimator-dyipbnululkmvjgtqdvrgzqettyv/SourcePackages/checkouts/ASN1Swift
    builtin-infoPlistUtility /Users/god/Library/Developer/Xcode/DerivedData/Leastimator-dyipbnululkmvjgtqdvrgzqettyv/Build/Intermediates.noindex/ASN1Swift.build/Debug-iphonesimulator/ASN1Swift_ASN1Swift.build/empty-ASN1Swift_ASN1Swift.plist -producttype com.apple.product-type.bundle -expandbuildsettings -format binary -platform iphonesimulator -o /Users/god/Library/Developer/Xcode/DerivedData/Leastimator-dyipbnululkmvjgtqdvrgzqettyv/Build/Products/Debug-iphonesimulator/ASN1Swift_ASN1Swift.bundle/Info.plist

ProcessInfoPlistFile /Users/god/Library/Developer/Xcode/DerivedData/Leastimator-dyipbnululkmvjgtqdvrgzqettyv/Build/Products/Debug-iphonesimulator/EstimateWidgetExtension.appex/Info.plist /Users/god/workspace/leastimator-ios/EstimateWidget/Info.plist (in target 'EstimateWidgetExtension' from project 'Leastimator')
    cd /Users/god/workspace/leastimator-ios
    builtin-infoPlistUtility /Users/god/workspace/leastimator-ios/EstimateWidget/Info.plist -producttype com.apple.product-type.app-extension -expandbuildsettings -format binary -platform iphonesimulator -additionalcontentfile /Users/god/Library/Developer/Xcode/DerivedData/Leastimator-dyipbnululkmvjgtqdvrgzqettyv/Build/Intermediates.noindex/Leastimator.build/Debug-iphonesimulator/EstimateWidgetExtension.build/assetcatalog_generated_info.plist -o /Users/god/Library/Developer/Xcode/DerivedData/Leastimator-dyipbnululkmvjgtqdvrgzqettyv/Build/Products/Debug-iphonesimulator/EstimateWidgetExtension.appex/Info.plist

SwiftDriver Leastimator normal x86_64 com.apple.xcode.tools.swift.compiler (in target 'Leastimator' from project 'Leastimator')
    cd /Users/god/workspace/leastimator-ios
    builtin-SwiftDriver -- /Applications/Xcode.app/Contents/Developer/Toolchains/XcodeDefault.xctoolchain/usr/bin/swiftc -module-name Leastimator -Onone @/Users/god/Library/Developer/Xcode/DerivedData/Leastimator-dyipbnululkmvjgtqdvrgzqettyv/Build/Intermediates.noindex/Leastimator.build/Debug-iphonesimulator/Leastimator.build/Objects-normal/x86_64/Leastimator.SwiftFileList -DDEBUG -Xcc -fmodule-map-file\=/Users/god/Library/Developer/Xcode/DerivedData/Leastimator-dyipbnululkmvjgtqdvrgzqettyv/Build/Intermediates.noindex/GeneratedModuleMaps-iphonesimulator/UserMessagingPlatformTarget.modulemap -enable-bare-slash-regex -enable-experimental-feature DebugDescriptionMacro -sdk /Applications/Xcode.app/Contents/Developer/Platforms/iPhoneSimulator.platform/Developer/SDKs/iPhoneSimulator26.4.sdk -target x86_64-apple-ios17.0-simulator -g -module-cache-path /Users/god/Library/Developer/Xcode/DerivedData/ModuleCache.noindex -Xfrontend -serialize-debugging-options -enable-testing -index-store-path /Users/god/Library/Developer/Xcode/DerivedData/Leastimator-dyipbnululkmvjgtqdvrgzqettyv/Index.noindex/DataStore -Xcc -D_LIBCPP_HARDENING_MODE\=_LIBCPP_HARDENING_MODE_DEBUG -swift-version 5 -I /Users/god/Library/Developer/Xcode/DerivedData/Leastimator-dyipbnululkmvjgtqdvrgzqettyv/Build/Products/Debug-iphonesimulator -F /Users/god/Library/Developer/Xcode/DerivedData/Leastimator-dyipbnululkmvjgtqdvrgzqettyv/Build/Products/Debug-iphonesimulator/PackageFrameworks -F /Users/god/Library/Developer/Xcode/DerivedData/Leastimator-dyipbnululkmvjgtqdvrgzqettyv/Build/Products/Debug-iphonesimulator/PackageFrameworks -F /Users/god/Library/Developer/Xcode/DerivedData/Leastimator-dyipbnululkmvjgtqdvrgzqettyv/Build/Products/Debug-iphonesimulator/PackageFrameworks -F /Users/god/Library/Developer/Xcode/DerivedData/Leastimator-dyipbnululkmvjgtqdvrgzqettyv/Build/Products/Debug-iphonesimulator/PackageFrameworks -F /Users/god/Library/Developer/Xcode/DerivedData/Leastimator-dyipbnululkmvjgtqdvrgzqettyv/Build/Products/Debug-iphonesimulator/PackageFrameworks -F /Users/god/Library/Developer/Xcode/DerivedData/Leastimator-dyipbnululkmvjgtqdvrgzqettyv/Build/Products/Debug-iphonesimulator/PackageFrameworks -F /Users/god/Library/Developer/Xcode/DerivedData/Leastimator-dyipbnululkmvjgtqdvrgzqettyv/Build/Products/Debug-iphonesimulator -emit-localized-strings -emit-localized-strings-path /Users/god/Library/Developer/Xcode/DerivedData/Leastimator-dyipbnululkmvjgtqdvrgzqettyv/Build/Intermediates.noindex/Leastimator.build/Debug-iphonesimulator/Leastimator.build/Objects-normal/x86_64 -c -j12 -enable-batch-mode -incremental -Xcc -ivfsstatcache -Xcc /Users/god/Library/Developer/Xcode/DerivedData/SDKStatCaches.noindex/iphonesimulator26.4-23E252-686eebb5dc1d8ecb277353a59184f4aa.sdkstatcache -output-file-map /Users/god/Library/Developer/Xcode/DerivedData/Leastimator-dyipbnululkmvjgtqdvrgzqettyv/Build/Intermediates.noindex/Leastimator.build/Debug-iphonesimulator/Leastimator.build/Objects-normal/x86_64/Leastimator-OutputFileMap.json -use-frontend-parseable-output -save-temps -no-color-diagnostics -explicit-module-build -module-cache-path /Users/god/Library/Developer/Xcode/DerivedData/Leastimator-dyipbnululkmvjgtqdvrgzqettyv/Build/Intermediates.noindex/SwiftExplicitPrecompiledModules -clang-scanner-module-cache-path /Users/god/Library/Developer/Xcode/DerivedData/ModuleCache.noindex -sdk-module-cache-path /Users/god/Library/Developer/Xcode/DerivedData/ModuleCache.noindex -serialize-diagnostics -emit-dependencies -emit-module -emit-module-path /Users/god/Library/Developer/Xcode/DerivedData/Leastimator-dyipbnululkmvjgtqdvrgzqettyv/Build/Intermediates.noindex/Leastimator.build/Debug-iphonesimulator/Leastimator.build/Objects-normal/x86_64/Leastimator.swiftmodule -validate-clang-modules-once -clang-build-session-file /Users/god/Library/Developer/Xcode/DerivedData/ModuleCache.noindex/Session.modulevalidation -Xcc -I/Users/god/Library/Developer/Xcode/DerivedData/Leastimator-dyipbnululkmvjgtqdvrgzqettyv/Build/Intermediates.noindex/Leastimator.build/Debug-iphonesimulator/Leastimator.build/swift-overrides.hmap -emit-const-values -Xfrontend -const-gather-protocols-file -Xfrontend /Users/god/Library/Developer/Xcode/DerivedData/Leastimator-dyipbnululkmvjgtqdvrgzqettyv/Build/Intermediates.noindex/Leastimator.build/Debug-iphonesimulator/Leastimator.build/Objects-normal/x86_64/Leastimator_const_extract_protocols.json -Xcc -iquote -Xcc /Users/god/Library/Developer/Xcode/DerivedData/Leastimator-dyipbnululkmvjgtqdvrgzqettyv/Build/Intermediates.noindex/Leastimator.build/Debug-iphonesimulator/Leastimator.build/Leastimator-generated-files.hmap -Xcc -I/Users/god/Library/Developer/Xcode/DerivedData/Leastimator-dyipbnululkmvjgtqdvrgzqettyv/Build/Intermediates.noindex/Leastimator.build/Debug-iphonesimulator/Leastimator.build/Leastimator-own-target-headers.hmap -Xcc -I/Users/god/Library/Developer/Xcode/DerivedData/Leastimator-dyipbnululkmvjgtqdvrgzqettyv/Build/Intermediates.noindex/Leastimator.build/Debug-iphonesimulator/Leastimator.build/Leastimator-all-non-framework-target-headers.hmap -Xcc -ivfsoverlay -Xcc /Users/god/Library/Developer/Xcode/DerivedData/Leastimator-dyipbnululkmvjgtqdvrgzqettyv/Build/Intermediates.noindex/Leastimator.build/Debug-iphonesimulator/Leastimator-b34fd1f18e908423ad48d9fc4ff35ebd-VFS-iphonesimulator/all-product-headers.yaml -Xcc -iquote -Xcc /Users/god/Library/Developer/Xcode/DerivedData/Leastimator-dyipbnululkmvjgtqdvrgzqettyv/Build/Intermediates.noindex/Leastimator.build/Debug-iphonesimulator/Leastimator.build/Leastimator-project-headers.hmap -Xcc -I/Users/god/Library/Developer/Xcode/DerivedData/Leastimator-dyipbnululkmvjgtqdvrgzqettyv/SourcePackages/checkouts/swift-package-manager-google-user-messaging-platform/UserMessagingPlatformTarget/include -Xcc -I/Users/god/Library/Developer/Xcode/DerivedData/Leastimator-dyipbnululkmvjgtqdvrgzqettyv/Build/Products/Debug-iphonesimulator/include -Xcc -I/Users/god/Library/Developer/Xcode/DerivedData/Leastimator-dyipbnululkmvjgtqdvrgzqettyv/Build/Intermediates.noindex/Leastimator.build/Debug-iphonesimulator/Leastimator.build/DerivedSources-normal/x86_64 -Xcc -I/Users/god/Library/Developer/Xcode/DerivedData/Leastimator-dyipbnululkmvjgtqdvrgzqettyv/Build/Intermediates.noindex/Leastimator.build/Debug-iphonesimulator/Leastimator.build/DerivedSources/x86_64 -Xcc -I/Users/god/Library/Developer/Xcode/DerivedData/Leastimator-dyipbnululkmvjgtqdvrgzqettyv/Build/Intermediates.noindex/Leastimator.build/Debug-iphonesimulator/Leastimator.build/DerivedSources -Xcc -DDEBUG\=1 -emit-objc-header -emit-objc-header-path /Users/god/Library/Developer/Xcode/DerivedData/Leastimator-dyipbnululkmvjgtqdvrgzqettyv/Build/Intermediates.noindex/Leastimator.build/Debug-iphonesimulator/Leastimator.build/Objects-normal/x86_64/Leastimator-Swift.h -working-directory /Users/god/workspace/leastimator-ios -experimental-emit-module-separately -disable-cmo

SwiftDriver Leastimator normal arm64 com.apple.xcode.tools.swift.compiler (in target 'Leastimator' from project 'Leastimator')
    cd /Users/god/workspace/leastimator-ios
    builtin-SwiftDriver -- /Applications/Xcode.app/Contents/Developer/Toolchains/XcodeDefault.xctoolchain/usr/bin/swiftc -module-name Leastimator -Onone @/Users/god/Library/Developer/Xcode/DerivedData/Leastimator-dyipbnululkmvjgtqdvrgzqettyv/Build/Intermediates.noindex/Leastimator.build/Debug-iphonesimulator/Leastimator.build/Objects-normal/arm64/Leastimator.SwiftFileList -DDEBUG -Xcc -fmodule-map-file\=/Users/god/Library/Developer/Xcode/DerivedData/Leastimator-dyipbnululkmvjgtqdvrgzqettyv/Build/Intermediates.noindex/GeneratedModuleMaps-iphonesimulator/UserMessagingPlatformTarget.modulemap -enable-bare-slash-regex -enable-experimental-feature DebugDescriptionMacro -sdk /Applications/Xcode.app/Contents/Developer/Platforms/iPhoneSimulator.platform/Developer/SDKs/iPhoneSimulator26.4.sdk -target arm64-apple-ios17.0-simulator -g -module-cache-path /Users/god/Library/Developer/Xcode/DerivedData/ModuleCache.noindex -Xfrontend -serialize-debugging-options -enable-testing -index-store-path /Users/god/Library/Developer/Xcode/DerivedData/Leastimator-dyipbnululkmvjgtqdvrgzqettyv/Index.noindex/DataStore -Xcc -D_LIBCPP_HARDENING_MODE\=_LIBCPP_HARDENING_MODE_DEBUG -swift-version 5 -I /Users/god/Library/Developer/Xcode/DerivedData/Leastimator-dyipbnululkmvjgtqdvrgzqettyv/Build/Products/Debug-iphonesimulator -F /Users/god/Library/Developer/Xcode/DerivedData/Leastimator-dyipbnululkmvjgtqdvrgzqettyv/Build/Products/Debug-iphonesimulator/PackageFrameworks -F /Users/god/Library/Developer/Xcode/DerivedData/Leastimator-dyipbnululkmvjgtqdvrgzqettyv/Build/Products/Debug-iphonesimulator/PackageFrameworks -F /Users/god/Library/Developer/Xcode/DerivedData/Leastimator-dyipbnululkmvjgtqdvrgzqettyv/Build/Products/Debug-iphonesimulator/PackageFrameworks -F /Users/god/Library/Developer/Xcode/DerivedData/Leastimator-dyipbnululkmvjgtqdvrgzqettyv/Build/Products/Debug-iphonesimulator/PackageFrameworks -F /Users/god/Library/Developer/Xcode/DerivedData/Leastimator-dyipbnululkmvjgtqdvrgzqettyv/Build/Products/Debug-iphonesimulator/PackageFrameworks -F /Users/god/Library/Developer/Xcode/DerivedData/Leastimator-dyipbnululkmvjgtqdvrgzqettyv/Build/Products/Debug-iphonesimulator/PackageFrameworks -F /Users/god/Library/Developer/Xcode/DerivedData/Leastimator-dyipbnululkmvjgtqdvrgzqettyv/Build/Products/Debug-iphonesimulator -emit-localized-strings -emit-localized-strings-path /Users/god/Library/Developer/Xcode/DerivedData/Leastimator-dyipbnululkmvjgtqdvrgzqettyv/Build/Intermediates.noindex/Leastimator.build/Debug-iphonesimulator/Leastimator.build/Objects-normal/arm64 -c -j12 -enable-batch-mode -incremental -Xcc -ivfsstatcache -Xcc /Users/god/Library/Developer/Xcode/DerivedData/SDKStatCaches.noindex/iphonesimulator26.4-23E252-686eebb5dc1d8ecb277353a59184f4aa.sdkstatcache -output-file-map /Users/god/Library/Developer/Xcode/DerivedData/Leastimator-dyipbnululkmvjgtqdvrgzqettyv/Build/Intermediates.noindex/Leastimator.build/Debug-iphonesimulator/Leastimator.build/Objects-normal/arm64/Leastimator-OutputFileMap.json -use-frontend-parseable-output -save-temps -no-color-diagnostics -explicit-module-build -module-cache-path /Users/god/Library/Developer/Xcode/DerivedData/Leastimator-dyipbnululkmvjgtqdvrgzqettyv/Build/Intermediates.noindex/SwiftExplicitPrecompiledModules -clang-scanner-module-cache-path /Users/god/Library/Developer/Xcode/DerivedData/ModuleCache.noindex -sdk-module-cache-path /Users/god/Library/Developer/Xcode/DerivedData/ModuleCache.noindex -serialize-diagnostics -emit-dependencies -emit-module -emit-module-path /Users/god/Library/Developer/Xcode/DerivedData/Leastimator-dyipbnululkmvjgtqdvrgzqettyv/Build/Intermediates.noindex/Leastimator.build/Debug-iphonesimulator/Leastimator.build/Objects-normal/arm64/Leastimator.swiftmodule -validate-clang-modules-once -clang-build-session-file /Users/god/Library/Developer/Xcode/DerivedData/ModuleCache.noindex/Session.modulevalidation -Xcc -I/Users/god/Library/Developer/Xcode/DerivedData/Leastimator-dyipbnululkmvjgtqdvrgzqettyv/Build/Intermediates.noindex/Leastimator.build/Debug-iphonesimulator/Leastimator.build/swift-overrides.hmap -emit-const-values -Xfrontend -const-gather-protocols-file -Xfrontend /Users/god/Library/Developer/Xcode/DerivedData/Leastimator-dyipbnululkmvjgtqdvrgzqettyv/Build/Intermediates.noindex/Leastimator.build/Debug-iphonesimulator/Leastimator.build/Objects-normal/arm64/Leastimator_const_extract_protocols.json -Xcc -iquote -Xcc /Users/god/Library/Developer/Xcode/DerivedData/Leastimator-dyipbnululkmvjgtqdvrgzqettyv/Build/Intermediates.noindex/Leastimator.build/Debug-iphonesimulator/Leastimator.build/Leastimator-generated-files.hmap -Xcc -I/Users/god/Library/Developer/Xcode/DerivedData/Leastimator-dyipbnululkmvjgtqdvrgzqettyv/Build/Intermediates.noindex/Leastimator.build/Debug-iphonesimulator/Leastimator.build/Leastimator-own-target-headers.hmap -Xcc -I/Users/god/Library/Developer/Xcode/DerivedData/Leastimator-dyipbnululkmvjgtqdvrgzqettyv/Build/Intermediates.noindex/Leastimator.build/Debug-iphonesimulator/Leastimator.build/Leastimator-all-non-framework-target-headers.hmap -Xcc -ivfsoverlay -Xcc /Users/god/Library/Developer/Xcode/DerivedData/Leastimator-dyipbnululkmvjgtqdvrgzqettyv/Build/Intermediates.noindex/Leastimator.build/Debug-iphonesimulator/Leastimator-b34fd1f18e908423ad48d9fc4ff35ebd-VFS-iphonesimulator/all-product-headers.yaml -Xcc -iquote -Xcc /Users/god/Library/Developer/Xcode/DerivedData/Leastimator-dyipbnululkmvjgtqdvrgzqettyv/Build/Intermediates.noindex/Leastimator.build/Debug-iphonesimulator/Leastimator.build/Leastimator-project-headers.hmap -Xcc -I/Users/god/Library/Developer/Xcode/DerivedData/Leastimator-dyipbnululkmvjgtqdvrgzqettyv/SourcePackages/checkouts/swift-package-manager-google-user-messaging-platform/UserMessagingPlatformTarget/include -Xcc -I/Users/god/Library/Developer/Xcode/DerivedData/Leastimator-dyipbnululkmvjgtqdvrgzqettyv/Build/Products/Debug-iphonesimulator/include -Xcc -I/Users/god/Library/Developer/Xcode/DerivedData/Leastimator-dyipbnululkmvjgtqdvrgzqettyv/Build/Intermediates.noindex/Leastimator.build/Debug-iphonesimulator/Leastimator.build/DerivedSources-normal/arm64 -Xcc -I/Users/god/Library/Developer/Xcode/DerivedData/Leastimator-dyipbnululkmvjgtqdvrgzqettyv/Build/Intermediates.noindex/Leastimator.build/Debug-iphonesimulator/Leastimator.build/DerivedSources/arm64 -Xcc -I/Users/god/Library/Developer/Xcode/DerivedData/Leastimator-dyipbnululkmvjgtqdvrgzqettyv/Build/Intermediates.noindex/Leastimator.build/Debug-iphonesimulator/Leastimator.build/DerivedSources -Xcc -DDEBUG\=1 -emit-objc-header -emit-objc-header-path /Users/god/Library/Developer/Xcode/DerivedData/Leastimator-dyipbnululkmvjgtqdvrgzqettyv/Build/Intermediates.noindex/Leastimator.build/Debug-iphonesimulator/Leastimator.build/Objects-normal/arm64/Leastimator-Swift.h -working-directory /Users/god/workspace/leastimator-ios -experimental-emit-module-separately -disable-cmo

SwiftEmitModule normal arm64 Emitting\ module\ for\ Leastimator (in target 'Leastimator' from project 'Leastimator')

EmitSwiftModule normal arm64 (in target 'Leastimator' from project 'Leastimator')
    cd /Users/god/workspace/leastimator-ios
    
/Users/god/workspace/leastimator-ios/Leastimator/Extensions/Date+Extensions.swift:27:1: warning: extension declares a conformance of imported type 'Date' to imported protocol 'RawRepresentable'; this will not behave correctly if the owners of 'Foundation' introduce this conformance in the future
extension Date: RawRepresentable {
^
/Users/god/workspace/leastimator-ios/Leastimator/Extensions/Date+Extensions.swift:27:1: note: add '@retroactive' to silence this warning
extension Date: RawRepresentable {
^               ~~~~~~~~~~~~~~~~
                @retroactive RawRepresentable

SwiftCompile normal arm64 Compiling\ HistoryLineChart.swift /Users/god/workspace/leastimator-ios/Leastimator/HistoryLineChart.swift (in target 'Leastimator' from project 'Leastimator')
SwiftCompile normal arm64 /Users/god/workspace/leastimator-ios/Leastimator/HistoryLineChart.swift (in target 'Leastimator' from project 'Leastimator')
    cd /Users/god/workspace/leastimator-ios
    
/Users/god/workspace/leastimator-ios/Leastimator/HistoryLineChart.swift:59:32: error: the compiler is unable to type-check this expression in reasonable time; try breaking up the expression into distinct sub-expressions
                        Text("\(Int(point.value))")
                               ^~~~~~~~~~~~~~~~~~

Failed frontend command:
/Applications/Xcode.app/Contents/Developer/Toolchains/XcodeDefault.xctoolchain/usr/bin/swift-frontend -frontend -c /Users/god/workspace/leastimator-ios/Leastimator/EditReadingView.swift /Users/god/workspace/leastimator-ios/Leastimator/Extensions/GraphPoint.swift /Users/god/workspace/leastimator-ios/Leastimator/Extensions/Views+Extensions.swift /Users/god/workspace/leastimator-ios/Leastimator/OdometerHistoryDocument.swift /Users/god/workspace/leastimator-ios/Leastimator/EditVehicleView.swift /Users/god/workspace/leastimator-ios/Leastimator/Extensions/String+Extensions.swift /Users/god/workspace/leastimator-ios/Leastimator/Persistence.swift /Users/god/workspace/leastimator-ios/Leastimator/Extensions/Vehicle+Extensions.swift /Users/god/workspace/leastimator-ios/Leastimator/Extensions/StoreKit+Extensions.swift /Users/god/workspace/leastimator-ios/Leastimator/ChartSheetView.swift /Users/god/workspace/leastimator-ios/Leastimator/MileagePicker.swift /Users/god/workspace/leastimator-ios/Leastimator/Extensions/Date+Extensions.swift /Users/god/workspace/leastimator-ios/Leastimator/Extensions/Double+Extensions.swift /Users/god/workspace/leastimator-ios/Leastimator/ErrorHandler.swift /Users/god/workspace/leastimator-ios/Leastimator/Extensions/Font+Extensions.swift /Users/god/workspace/leastimator-ios/Leastimator/SettingsView.swift /Users/god/workspace/leastimator-ios/Leastimator/Logger.swift /Users/god/workspace/leastimator-ios/Leastimator/Extensions/URL+Extensions.swift /Users/god/workspace/leastimator-ios/Leastimator/NotificationManager.swift /Users/god/workspace/leastimator-ios/Leastimator/PurchaseManager.swift /Users/god/workspace/leastimator-ios/Leastimator/UnitUtils.swift /Users/god/workspace/leastimator-ios/Leastimator/ContentView.swift /Users/god/workspace/leastimator-ios/Leastimator/LeastimatorApp.swift /Users/god/workspace/leastimator-ios/Leastimator/ReadingList.swift /Users/god/workspace/leastimator-ios/Leastimator/GADBannerView.swift /Users/god/workspace/leastimator-ios/Leastimator/Extensions/Color+Extensions.swift /Users/god/workspace/leastimator-ios/Leastimator/Extensions/UIImage+Extensions.swift /Users/god/workspace/leastimator-ios/Leastimator/ProProductsView.swift /Users/god/workspace/leastimator-ios/Leastimator/ComputeUtils.swift /Users/god/workspace/leastimator-ios/Leastimator/ProBadge.swift /Users/god/workspace/leastimator-ios/Leastimator/ImagePicker.swift /Users/god/workspace/leastimator-ios/Leastimator/VehicleImage.swift /Users/god/workspace/leastimator-ios/Leastimator/VehiclePresentation.swift /Users/god/workspace/leastimator-ios/Leastimator/Card.swift /Users/god/workspace/leastimator-ios/Leastimator/TeslaAuthManager.swift /Users/god/workspace/leastimator-ios/Leastimator/TeslaService.swift /Users/god/workspace/leastimator-ios/Leastimator/KeychainHelper.swift /Users/god/workspace/leastimator-ios/Leastimator/TeslaVehiclePicker.swift /Users/god/workspace/leastimator-ios/Leastimator/TeslaSyncService.swift /Users/god/workspace/leastimator-ios/Leastimator/Constants.swift /Users/god/workspace/leastimator-ios/Leastimator/DeletedVehiclesView.swift /Users/god/workspace/leastimator-ios/Leastimator/DashboardGauge.swift /Users/god/workspace/leastimator-ios/Leastimator/CoachMessageView.swift /Users/god/workspace/leastimator-ios/Leastimator/VehicleSwitcher.swift /Users/god/workspace/leastimator-ios/Leastimator/TeslaAPIStatusView.swift /Users/god/workspace/leastimator-ios/Leastimator/HistoryRangePicker.swift /Users/god/workspace/leastimator-ios/Leastimator/ReadingRowView.swift -primary-file /Users/god/workspace/leastimator-ios/Leastimator/HistoryLineChart.swift /Users/god/workspace/leastimator-ios/Leastimator/VehicleHistoryView.swift /Users/god/Library/Developer/Xcode/DerivedData/Leastimator-dyipbnululkmvjgtqdvrgzqettyv/Build/Intermediates.noindex/Leastimator.build/Debug-iphonesimulator/Leastimator.build/DerivedSources/CoreDataGenerated/Leastimator/OdoReading+CoreDataClass.swift /Users/god/Library/Developer/Xcode/DerivedData/Leastimator-dyipbnululkmvjgtqdvrgzqettyv/Build/Intermediates.noindex/Leastimator.build/Debug-iphonesimulator/Leastimator.build/DerivedSources/CoreDataGenerated/Leastimator/OdoReading+CoreDataProperties.swift /Users/god/Library/Developer/Xcode/DerivedData/Leastimator-dyipbnululkmvjgtqdvrgzqettyv/Build/Intermediates.noindex/Leastimator.build/Debug-iphonesimulator/Leastimator.build/DerivedSources/CoreDataGenerated/Leastimator/Vehicle+CoreDataClass.swift /Users/god/Library/Developer/Xcode/DerivedData/Leastimator-dyipbnululkmvjgtqdvrgzqettyv/Build/Intermediates.noindex/Leastimator.build/Debug-iphonesimulator/Leastimator.build/DerivedSources/CoreDataGenerated/Leastimator/Vehicle+CoreDataProperties.swift /Users/god/Library/Developer/Xcode/DerivedData/Leastimator-dyipbnululkmvjgtqdvrgzqettyv/Build/Intermediates.noindex/Leastimator.build/Debug-iphonesimulator/Leastimator.build/DerivedSources/CoreDataGenerated/Leastimator/Leastimator+CoreDataModel.swift /Users/god/Library/Developer/Xcode/DerivedData/Leastimator-dyipbnululkmvjgtqdvrgzqettyv/Build/Intermediates.noindex/Leastimator.build/Debug-iphonesimulator/Leastimator.build/DerivedSources/GeneratedAssetSymbols.swift -emit-dependencies-path /Users/god/Library/Developer/Xcode/DerivedData/Leastimator-dyipbnululkmvjgtqdvrgzqettyv/Build/Intermediates.noindex/Leastimator.build/Debug-iphonesimulator/Leastimator.build/Objects-normal/arm64/HistoryLineChart.d -emit-const-values-path /Users/god/Library/Developer/Xcode/DerivedData/Leastimator-dyipbnululkmvjgtqdvrgzqettyv/Build/Intermediates.noindex/Leastimator.build/Debug-iphonesimulator/Leastimator.build/Objects-normal/arm64/HistoryLineChart.swiftconstvalues -emit-reference-dependencies-path /Users/god/Library/Developer/Xcode/DerivedData/Leastimator-dyipbnululkmvjgtqdvrgzqettyv/Build/Intermediates.noindex/Leastimator.build/Debug-iphonesimulator/Leastimator.build/Objects-normal/arm64/HistoryLineChart.swiftdeps -serialize-diagnostics-path /Users/god/Library/Developer/Xcode/DerivedData/Leastimator-dyipbnululkmvjgtqdvrgzqettyv/Build/Intermediates.noindex/Leastimator.build/Debug-iphonesimulator/Leastimator.build/Objects-normal/arm64/HistoryLineChart.dia -emit-localized-strings -emit-localized-strings-path /Users/god/Library/Developer/Xcode/DerivedData/Leastimator-dyipbnululkmvjgtqdvrgzqettyv/Build/Intermediates.noindex/Leastimator.build/Debug-iphonesimulator/Leastimator.build/Objects-normal/arm64 -target arm64-apple-ios17.0-simulator -module-can-import-version DeveloperToolsSupport 23.40.26 23.40.26 -disable-cross-import-overlay-search -swift-module-cross-import AuthenticationServices /Applications/Xcode.app/Contents/Developer/Platforms/iPhoneSimulator.platform/Developer/SDKs/iPhoneSimulator.sdk/System/Cryptexes/OS/System/Library/Frameworks/AuthenticationServices.framework/Modules/AuthenticationServices.swiftcrossimport/SwiftUI.swiftoverlay -swift-module-cross-import AuthenticationServices /Applications/Xcode.app/Contents/Developer/Platforms/iPhoneSimulator.platform/Developer/SDKs/iPhoneSimulator26.4.sdk/System/Library/Frameworks/AuthenticationServices.framework/Modules/AuthenticationServices.swiftcrossimport/SwiftUI.swiftoverlay -swift-module-cross-import CoreData /Applications/Xcode.app/Contents/Developer/Platforms/iPhoneSimulator.platform/Developer/SDKs/iPhoneSimulator.sdk/System/Library/Frameworks/CoreData.framework/Modules/CoreData.swiftcrossimport/CloudKit.swiftoverlay -swift-module-cross-import CoreData /Applications/Xcode.app/Contents/Developer/Platforms/iPhoneSimulator.platform/Developer/SDKs/iPhoneSimulator26.4.sdk/System/Library/Frameworks/CoreData.framework/Modules/CoreData.swiftcrossimport/CloudKit.swiftoverlay -swift-module-cross-import StoreKit /Applications/Xcode.app/Contents/Developer/Platforms/iPhoneSimulator.platform/Developer/SDKs/iPhoneSimulator.sdk/System/Library/Frameworks/StoreKit.framework/Modules/StoreKit.swiftcrossimport/SwiftUI.swiftoverlay -swift-module-cross-import StoreKit /Applications/Xcode.app/Contents/Developer/Platforms/iPhoneSimulator.platform/Developer/SDKs/iPhoneSimulator26.4.sdk/System/Library/Frameworks/StoreKit.framework/Modules/StoreKit.swiftcrossimport/SwiftUI.swiftoverlay -load-resolved-plugin /Applications/Xcode.app/Contents/Developer/Platforms/iPhoneOS.platform/Developer/usr/lib/swift/host/plugins/libAppIntentsMacros.dylib\#/Applications/Xcode.app/Contents/Developer/Platforms/iPhoneOS.platform/Developer/usr/bin/swift-plugin-server\#AppIntentsMacros -load-resolved-plugin /Applications/Xcode.app/Contents/Developer/Platforms/iPhoneOS.platform/Developer/usr/lib/swift/host/plugins/libFoundationMacros.dylib\#/Applications/Xcode.app/Contents/Developer/Platforms/iPhoneOS.platform/Developer/usr/bin/swift-plugin-server\#FoundationMacros -load-resolved-plugin /Applications/Xcode.app/Contents/Developer/Platforms/iPhoneOS.platform/Developer/usr/lib/swift/host/plugins/libObservationMacros.dylib\#/Applications/Xcode.app/Contents/Developer/Platforms/iPhoneOS.platform/Developer/usr/bin/swift-plugin-server\#ObservationMacros -load-resolved-plugin /Applications/Xcode.app/Contents/Developer/Platforms/iPhoneOS.platform/Developer/usr/lib/swift/host/plugins/libPreviewsMacros.dylib\#/Applications/Xcode.app/Contents/Developer/Platforms/iPhoneOS.platform/Developer/usr/bin/swift-plugin-server\#PreviewsMacros -load-resolved-plugin /Applications/Xcode.app/Contents/Developer/Platforms/iPhoneOS.platform/Developer/usr/lib/swift/host/plugins/libSwiftMacros.dylib\#/Applications/Xcode.app/Contents/Developer/Platforms/iPhoneOS.platform/Developer/usr/bin/swift-plugin-server\#SwiftMacros -load-resolved-plugin /Applications/Xcode.app/Contents/Developer/Platforms/iPhoneOS.platform/Developer/usr/lib/swift/host/plugins/libSwiftUIMacros.dylib\#/Applications/Xcode.app/Contents/Developer/Platforms/iPhoneOS.platform/Developer/usr/bin/swift-plugin-server\#SwiftUIMacros -disable-implicit-swift-modules -Xcc -fno-implicit-modules -Xcc -fno-implicit-module-maps -explicit-swift-module-map-file /Users/god/Library/Developer/Xcode/DerivedData/Leastimator-dyipbnululkmvjgtqdvrgzqettyv/Build/Intermediates.noindex/Leastimator.build/Debug-iphonesimulator/Leastimator.build/Objects-normal/arm64/Leastimator-dependencies-2.json -debug-module-path /Users/god/Library/Developer/Xcode/DerivedData/Leastimator-dyipbnululkmvjgtqdvrgzqettyv/Build/Intermediates.noindex/Leastimator.build/Debug-iphonesimulator/Leastimator.build/Objects-normal/arm64/Leastimator.swiftmodule -Xllvm -aarch64-use-tbi -enable-objc-interop -sdk /Applications/Xcode.app/Contents/Developer/Platforms/iPhoneSimulator.platform/Developer/SDKs/iPhoneSimulator26.4.sdk -I /Users/god/Library/Developer/Xcode/DerivedData/Leastimator-dyipbnululkmvjgtqdvrgzqettyv/Build/Products/Debug-iphonesimulator -F /Users/god/Library/Developer/Xcode/DerivedData/Leastimator-dyipbnululkmvjgtqdvrgzqettyv/Build/Products/Debug-iphonesimulator/PackageFrameworks -F /Users/god/Library/Developer/Xcode/DerivedData/Leastimator-dyipbnululkmvjgtqdvrgzqettyv/Build/Products/Debug-iphonesimulator/PackageFrameworks -F /Users/god/Library/Developer/Xcode/DerivedData/Leastimator-dyipbnululkmvjgtqdvrgzqettyv/Build/Products/Debug-iphonesimulator/PackageFrameworks -F /Users/god/Library/Developer/Xcode/DerivedData/Leastimator-dyipbnululkmvjgtqdvrgzqettyv/Build/Products/Debug-iphonesimulator/PackageFrameworks -F /Users/god/Library/Developer/Xcode/DerivedData/Leastimator-dyipbnululkmvjgtqdvrgzqettyv/Build/Products/Debug-iphonesimulator/PackageFrameworks -F /Users/god/Library/Developer/Xcode/DerivedData/Leastimator-dyipbnululkmvjgtqdvrgzqettyv/Build/Products/Debug-iphonesimulator/PackageFrameworks -F /Users/god/Library/Developer/Xcode/DerivedData/Leastimator-dyipbnululkmvjgtqdvrgzqettyv/Build/Products/Debug-iphonesimulator -no-color-diagnostics -Xcc -fno-color-diagnostics -enable-testing -g -debug-info-format\=dwarf -dwarf-version\=4 -module-cache-path /Users/god/Library/Developer/Xcode/DerivedData/Leastimator-dyipbnululkmvjgtqdvrgzqettyv/Build/Intermediates.noindex/SwiftExplicitPrecompiledModules -swift-version 5 -Onone -D DEBUG -serialize-debugging-options -const-gather-protocols-file /Users/god/Library/Developer/Xcode/DerivedData/Leastimator-dyipbnululkmvjgtqdvrgzqettyv/Build/Intermediates.noindex/Leastimator.build/Debug-iphonesimulator/Leastimator.build/Objects-normal/arm64/Leastimator_const_extract_protocols.json -enable-experimental-feature DebugDescriptionMacro -enable-bare-slash-regex -empty-abi-descriptor -validate-clang-modules-once -clang-build-session-file /Users/god/Library/Developer/Xcode/DerivedData/ModuleCache.noindex/Session.modulevalidation -Xcc -working-directory -Xcc /Users/god/workspace/leastimator-ios -enable-anonymous-context-mangled-names -file-compilation-dir /Users/god/workspace/leastimator-ios -Xcc -fmodule-map-file\=/Users/god/Library/Developer/Xcode/DerivedData/Leastimator-dyipbnululkmvjgtqdvrgzqettyv/Build/Intermediates.noindex/GeneratedModuleMaps-iphonesimulator/UserMessagingPlatformTarget.modulemap -Xcc -D_LIBCPP_HARDENING_MODE\=_LIBCPP_HARDENING_MODE_DEBUG -Xcc -ivfsstatcache -Xcc /Users/god/Library/Developer/Xcode/DerivedData/SDKStatCaches.noindex/iphonesimulator26.4-23E252-686eebb5dc1d8ecb277353a59184f4aa.sdkstatcache -Xcc -I/Users/god/Library/Developer/Xcode/DerivedData/Leastimator-dyipbnululkmvjgtqdvrgzqettyv/Build/Intermediates.noindex/Leastimator.build/Debug-iphonesimulator/Leastimator.build/swift-overrides.hmap -Xcc -iquote -Xcc /Users/god/Library/Developer/Xcode/DerivedData/Leastimator-dyipbnululkmvjgtqdvrgzqettyv/Build/Intermediates.noindex/Leastimator.build/Debug-iphonesimulator/Leastimator.build/Leastimator-generated-files.hmap -Xcc -I/Users/god/Library/Developer/Xcode/DerivedData/Leastimator-dyipbnululkmvjgtqdvrgzqettyv/Build/Intermediates.noindex/Leastimator.build/Debug-iphonesimulator/Leastimator.build/Leastimator-own-target-headers.hmap -Xcc -I/Users/god/Library/Developer/Xcode/DerivedData/Leastimator-dyipbnululkmvjgtqdvrgzqettyv/Build/Intermediates.noindex/Leastimator.build/Debug-iphonesimulator/Leastimator.build/Leastimator-all-non-framework-target-headers.hmap -Xcc -ivfsoverlay -Xcc /Users/god/Library/Developer/Xcode/DerivedData/Leastimator-dyipbnululkmvjgtqdvrgzqettyv/Build/Intermediates.noindex/Leastimator.build/Debug-iphonesimulator/Leastimator-b34fd1f18e908423ad48d9fc4ff35ebd-VFS-iphonesimulator/all-product-headers.yaml -Xcc -iquote -Xcc /Users/god/Library/Developer/Xcode/DerivedData/Leastimator-dyipbnululkmvjgtqdvrgzqettyv/Build/Intermediates.noindex/Leastimator.build/Debug-iphonesimulator/Leastimator.build/Leastimator-project-headers.hmap -Xcc -I/Users/god/Library/Developer/Xcode/DerivedData/Leastimator-dyipbnululkmvjgtqdvrgzqettyv/SourcePackages/checkouts/swift-package-manager-google-user-messaging-platform/UserMessagingPlatformTarget/include -Xcc -I/Users/god/Library/Developer/Xcode/DerivedData/Leastimator-dyipbnululkmvjgtqdvrgzqettyv/Build/Products/Debug-iphonesimulator/include -Xcc -I/Users/god/Library/Developer/Xcode/DerivedData/Leastimator-dyipbnululkmvjgtqdvrgzqettyv/Build/Intermediates.noindex/Leastimator.build/Debug-iphonesimulator/Leastimator.build/DerivedSources-normal/arm64 -Xcc -I/Users/god/Library/Developer/Xcode/DerivedData/Leastimator-dyipbnululkmvjgtqdvrgzqettyv/Build/Intermediates.noindex/Leastimator.build/Debug-iphonesimulator/Leastimator.build/DerivedSources/arm64 -Xcc -I/Users/god/Library/Developer/Xcode/DerivedData/Leastimator-dyipbnululkmvjgtqdvrgzqettyv/Build/Intermediates.noindex/Leastimator.build/Debug-iphonesimulator/Leastimator.build/DerivedSources -Xcc -DDEBUG\=1 -no-auto-bridging-header-chaining -module-name Leastimator -frontend-parseable-output -disable-clang-spi -clang-target arm64-apple-ios26.4-simulator -target-sdk-version 26.4 -target-sdk-name iphonesimulator26.4 -in-process-plugin-server-path /Applications/Xcode.app/Contents/Developer/Toolchains/XcodeDefault.xctoolchain/usr/lib/swift/host/libSwiftInProcPluginServer.dylib -o /Users/god/Library/Developer/Xcode/DerivedData/Leastimator-dyipbnululkmvjgtqdvrgzqettyv/Build/Intermediates.noindex/Leastimator.build/Debug-iphonesimulator/Leastimator.build/Objects-normal/arm64/HistoryLineChart.o -index-unit-output-path /Leastimator.build/Debug-iphonesimulator/Leastimator.build/Objects-normal/arm64/HistoryLineChart.o -index-store-path /Users/god/Library/Developer/Xcode/DerivedData/Leastimator-dyipbnululkmvjgtqdvrgzqettyv/Index.noindex/DataStore -index-system-modules
SwiftCompile normal x86_64 Compiling\ Font+Extensions.swift,\ ContentView.swift /Users/god/workspace/leastimator-ios/Leastimator/Extensions/Font+Extensions.swift /Users/god/workspace/leastimator-ios/Leastimator/ContentView.swift (in target 'Leastimator' from project 'Leastimator')

SwiftCompile normal x86_64 /Users/god/workspace/leastimator-ios/Leastimator/Extensions/Font+Extensions.swift (in target 'Leastimator' from project 'Leastimator')
    cd /Users/god/workspace/leastimator-ios
    

SwiftCompile normal x86_64 /Users/god/workspace/leastimator-ios/Leastimator/ContentView.swift (in target 'Leastimator' from project 'Leastimator')
    cd /Users/god/workspace/leastimator-ios
    

SwiftCompile normal x86_64 Compiling\ OdoReading+CoreDataProperties.swift /Users/god/Library/Developer/Xcode/DerivedData/Leastimator-dyipbnululkmvjgtqdvrgzqettyv/Build/Intermediates.noindex/Leastimator.build/Debug-iphonesimulator/Leastimator.build/DerivedSources/CoreDataGenerated/Leastimator/OdoReading+CoreDataProperties.swift (in target 'Leastimator' from project 'Leastimator')

SwiftCompile normal x86_64 /Users/god/Library/Developer/Xcode/DerivedData/Leastimator-dyipbnululkmvjgtqdvrgzqettyv/Build/Intermediates.noindex/Leastimator.build/Debug-iphonesimulator/Leastimator.build/DerivedSources/CoreDataGenerated/Leastimator/OdoReading+CoreDataProperties.swift (in target 'Leastimator' from project 'Leastimator')
    cd /Users/god/workspace/leastimator-ios
    

SwiftCompile normal x86_64 Compiling\ VehicleHistoryView.swift /Users/god/workspace/leastimator-ios/Leastimator/VehicleHistoryView.swift (in target 'Leastimator' from project 'Leastimator')

SwiftCompile normal x86_64 /Users/god/workspace/leastimator-ios/Leastimator/VehicleHistoryView.swift (in target 'Leastimator' from project 'Leastimator')
    cd /Users/god/workspace/leastimator-ios
    

SwiftCompile normal x86_64 Compiling\ OdoReading+CoreDataClass.swift /Users/god/Library/Developer/Xcode/DerivedData/Leastimator-dyipbnululkmvjgtqdvrgzqettyv/Build/Intermediates.noindex/Leastimator.build/Debug-iphonesimulator/Leastimator.build/DerivedSources/CoreDataGenerated/Leastimator/OdoReading+CoreDataClass.swift (in target 'Leastimator' from project 'Leastimator')

SwiftCompile normal x86_64 /Users/god/Library/Developer/Xcode/DerivedData/Leastimator-dyipbnululkmvjgtqdvrgzqettyv/Build/Intermediates.noindex/Leastimator.build/Debug-iphonesimulator/Leastimator.build/DerivedSources/CoreDataGenerated/Leastimator/OdoReading+CoreDataClass.swift (in target 'Leastimator' from project 'Leastimator')
    cd /Users/god/workspace/leastimator-ios
    

SwiftCompile normal x86_64 Compiling\ ComputeUtils.swift,\ VehiclePresentation.swift /Users/god/workspace/leastimator-ios/Leastimator/ComputeUtils.swift /Users/god/workspace/leastimator-ios/Leastimator/VehiclePresentation.swift (in target 'Leastimator' from project 'Leastimator')

SwiftCompile normal x86_64 /Users/god/workspace/leastimator-ios/Leastimator/ComputeUtils.swift (in target 'Leastimator' from project 'Leastimator')
    cd /Users/god/workspace/leastimator-ios
    

SwiftCompile normal x86_64 /Users/god/workspace/leastimator-ios/Leastimator/VehiclePresentation.swift (in target 'Leastimator' from project 'Leastimator')
    cd /Users/god/workspace/leastimator-ios
    

SwiftCompile normal x86_64 Compiling\ ReadingRowView.swift /Users/god/workspace/leastimator-ios/Leastimator/ReadingRowView.swift (in target 'Leastimator' from project 'Leastimator')

SwiftCompile normal x86_64 /Users/god/workspace/leastimator-ios/Leastimator/ReadingRowView.swift (in target 'Leastimator' from project 'Leastimator')
    cd /Users/god/workspace/leastimator-ios
    

SwiftCompile normal x86_64 Compiling\ HistoryLineChart.swift /Users/god/workspace/leastimator-ios/Leastimator/HistoryLineChart.swift (in target 'Leastimator' from project 'Leastimator')
SwiftCompile normal x86_64 /Users/god/workspace/leastimator-ios/Leastimator/HistoryLineChart.swift (in target 'Leastimator' from project 'Leastimator')
    cd /Users/god/workspace/leastimator-ios
    

SwiftCompile normal x86_64 Compiling\ Vehicle+CoreDataClass.swift /Users/god/Library/Developer/Xcode/DerivedData/Leastimator-dyipbnululkmvjgtqdvrgzqettyv/Build/Intermediates.noindex/Leastimator.build/Debug-iphonesimulator/Leastimator.build/DerivedSources/CoreDataGenerated/Leastimator/Vehicle+CoreDataClass.swift (in target 'Leastimator' from project 'Leastimator')

SwiftCompile normal x86_64 /Users/god/Library/Developer/Xcode/DerivedData/Leastimator-dyipbnululkmvjgtqdvrgzqettyv/Build/Intermediates.noindex/Leastimator.build/Debug-iphonesimulator/Leastimator.build/DerivedSources/CoreDataGenerated/Leastimator/Vehicle+CoreDataClass.swift (in target 'Leastimator' from project 'Leastimator')
    cd /Users/god/workspace/leastimator-ios
    

SwiftEmitModule normal x86_64 Emitting\ module\ for\ Leastimator (in target 'Leastimator' from project 'Leastimator')

EmitSwiftModule normal x86_64 (in target 'Leastimator' from project 'Leastimator')
    cd /Users/god/workspace/leastimator-ios
    
/Users/god/workspace/leastimator-ios/Leastimator/Extensions/Date+Extensions.swift:27:1: warning: extension declares a conformance of imported type 'Date' to imported protocol 'RawRepresentable'; this will not behave correctly if the owners of 'Foundation' introduce this conformance in the future
extension Date: RawRepresentable {
^
/Users/god/workspace/leastimator-ios/Leastimator/Extensions/Date+Extensions.swift:27:1: note: add '@retroactive' to silence this warning
extension Date: RawRepresentable {
^               ~~~~~~~~~~~~~~~~
                @retroactive RawRepresentable

SwiftCompile normal x86_64 Compiling\ GeneratedAssetSymbols.swift /Users/god/Library/Developer/Xcode/DerivedData/Leastimator-dyipbnululkmvjgtqdvrgzqettyv/Build/Intermediates.noindex/Leastimator.build/Debug-iphonesimulator/Leastimator.build/DerivedSources/GeneratedAssetSymbols.swift (in target 'Leastimator' from project 'Leastimator')

SwiftCompile normal x86_64 /Users/god/Library/Developer/Xcode/DerivedData/Leastimator-dyipbnululkmvjgtqdvrgzqettyv/Build/Intermediates.noindex/Leastimator.build/Debug-iphonesimulator/Leastimator.build/DerivedSources/GeneratedAssetSymbols.swift (in target 'Leastimator' from project 'Leastimator')
    cd /Users/god/workspace/leastimator-ios
    

SwiftCompile normal x86_64 Compiling\ Leastimator+CoreDataModel.swift /Users/god/Library/Developer/Xcode/DerivedData/Leastimator-dyipbnululkmvjgtqdvrgzqettyv/Build/Intermediates.noindex/Leastimator.build/Debug-iphonesimulator/Leastimator.build/DerivedSources/CoreDataGenerated/Leastimator/Leastimator+CoreDataModel.swift (in target 'Leastimator' from project 'Leastimator')

SwiftCompile normal x86_64 /Users/god/Library/Developer/Xcode/DerivedData/Leastimator-dyipbnululkmvjgtqdvrgzqettyv/Build/Intermediates.noindex/Leastimator.build/Debug-iphonesimulator/Leastimator.build/DerivedSources/CoreDataGenerated/Leastimator/Leastimator+CoreDataModel.swift (in target 'Leastimator' from project 'Leastimator')
    cd /Users/god/workspace/leastimator-ios
    

SwiftDriverJobDiscovery normal x86_64 Compiling OdoReading+CoreDataClass.swift (in target 'Leastimator' from project 'Leastimator')

SwiftCompile normal x86_64 Compiling\ Vehicle+CoreDataProperties.swift /Users/god/Library/Developer/Xcode/DerivedData/Leastimator-dyipbnululkmvjgtqdvrgzqettyv/Build/Intermediates.noindex/Leastimator.build/Debug-iphonesimulator/Leastimator.build/DerivedSources/CoreDataGenerated/Leastimator/Vehicle+CoreDataProperties.swift (in target 'Leastimator' from project 'Leastimator')

SwiftCompile normal x86_64 /Users/god/Library/Developer/Xcode/DerivedData/Leastimator-dyipbnululkmvjgtqdvrgzqettyv/Build/Intermediates.noindex/Leastimator.build/Debug-iphonesimulator/Leastimator.build/DerivedSources/CoreDataGenerated/Leastimator/Vehicle+CoreDataProperties.swift (in target 'Leastimator' from project 'Leastimator')
    cd /Users/god/workspace/leastimator-ios
    

SwiftDriverJobDiscovery normal x86_64 Compiling OdoReading+CoreDataProperties.swift (in target 'Leastimator' from project 'Leastimator')

SwiftCompile normal x86_64 Compiling\ HistoryRangePicker.swift /Users/god/workspace/leastimator-ios/Leastimator/HistoryRangePicker.swift (in target 'Leastimator' from project 'Leastimator')

SwiftCompile normal x86_64 /Users/god/workspace/leastimator-ios/Leastimator/HistoryRangePicker.swift (in target 'Leastimator' from project 'Leastimator')
    cd /Users/god/workspace/leastimator-ios
    

SwiftDriverJobDiscovery normal x86_64 Compiling Vehicle+CoreDataClass.swift (in target 'Leastimator' from project 'Leastimator')

SwiftDriverJobDiscovery normal x86_64 Compiling GeneratedAssetSymbols.swift (in target 'Leastimator' from project 'Leastimator')

SwiftDriverJobDiscovery normal x86_64 Compiling ReadingRowView.swift (in target 'Leastimator' from project 'Leastimator')

SwiftDriverJobDiscovery normal x86_64 Compiling Leastimator+CoreDataModel.swift (in target 'Leastimator' from project 'Leastimator')

SwiftDriverJobDiscovery normal x86_64 Compiling Vehicle+CoreDataProperties.swift (in target 'Leastimator' from project 'Leastimator')

SwiftDriverJobDiscovery normal x86_64 Compiling Font+Extensions.swift, ContentView.swift (in target 'Leastimator' from project 'Leastimator')

SwiftCompile normal x86_64 Compiling\ DashboardGauge.swift /Users/god/workspace/leastimator-ios/Leastimator/DashboardGauge.swift (in target 'Leastimator' from project 'Leastimator')

SwiftCompile normal x86_64 /Users/god/workspace/leastimator-ios/Leastimator/DashboardGauge.swift (in target 'Leastimator' from project 'Leastimator')
    cd /Users/god/workspace/leastimator-ios
    

SwiftCompile normal x86_64 Compiling\ TeslaAPIStatusView.swift /Users/god/workspace/leastimator-ios/Leastimator/TeslaAPIStatusView.swift (in target 'Leastimator' from project 'Leastimator')

SwiftCompile normal x86_64 /Users/god/workspace/leastimator-ios/Leastimator/TeslaAPIStatusView.swift (in target 'Leastimator' from project 'Leastimator')
    cd /Users/god/workspace/leastimator-ios
    

SwiftCompile normal x86_64 Compiling\ VehicleSwitcher.swift /Users/god/workspace/leastimator-ios/Leastimator/VehicleSwitcher.swift (in target 'Leastimator' from project 'Leastimator')

SwiftCompile normal x86_64 /Users/god/workspace/leastimator-ios/Leastimator/VehicleSwitcher.swift (in target 'Leastimator' from project 'Leastimator')
    cd /Users/god/workspace/leastimator-ios
    

SwiftCompile normal x86_64 Compiling\ CoachMessageView.swift /Users/god/workspace/leastimator-ios/Leastimator/CoachMessageView.swift (in target 'Leastimator' from project 'Leastimator')

SwiftCompile normal x86_64 /Users/god/workspace/leastimator-ios/Leastimator/CoachMessageView.swift (in target 'Leastimator' from project 'Leastimator')
    cd /Users/god/workspace/leastimator-ios
    

SwiftCompile normal x86_64 Compiling\ LeastimatorApp.swift /Users/god/workspace/leastimator-ios/Leastimator/LeastimatorApp.swift (in target 'Leastimator' from project 'Leastimator')

SwiftCompile normal x86_64 /Users/god/workspace/leastimator-ios/Leastimator/LeastimatorApp.swift (in target 'Leastimator' from project 'Leastimator')
    cd /Users/god/workspace/leastimator-ios
    
/Users/god/workspace/leastimator-ios/Leastimator/LeastimatorApp.swift:68:7: warning: 'onChange(of:perform:)' was deprecated in iOS 17.0: Use `onChange` with a two or zero parameter action closure instead.
    }.onChange(of: phase) { (newPhase) in
      ^

SwiftDriverJobDiscovery normal x86_64 Compiling HistoryRangePicker.swift (in target 'Leastimator' from project 'Leastimator')

SwiftDriverJobDiscovery normal x86_64 Compiling VehicleHistoryView.swift (in target 'Leastimator' from project 'Leastimator')

SwiftDriverJobDiscovery normal x86_64 Compiling CoachMessageView.swift (in target 'Leastimator' from project 'Leastimator')

SwiftDriverJobDiscovery normal x86_64 Compiling TeslaAPIStatusView.swift (in target 'Leastimator' from project 'Leastimator')

SwiftDriverJobDiscovery normal x86_64 Compiling VehicleSwitcher.swift (in target 'Leastimator' from project 'Leastimator')

SwiftDriverJobDiscovery normal x86_64 Compiling LeastimatorApp.swift (in target 'Leastimator' from project 'Leastimator')

SwiftDriverJobDiscovery normal x86_64 Compiling DashboardGauge.swift (in target 'Leastimator' from project 'Leastimator')

SwiftDriverJobDiscovery normal x86_64 Compiling ComputeUtils.swift, VehiclePresentation.swift (in target 'Leastimator' from project 'Leastimator')

SwiftCompile normal x86_64 Compiling\ ChartSheetView.swift /Users/god/workspace/leastimator-ios/Leastimator/ChartSheetView.swift (in target 'Leastimator' from project 'Leastimator')

SwiftCompile normal x86_64 /Users/god/workspace/leastimator-ios/Leastimator/ChartSheetView.swift (in target 'Leastimator' from project 'Leastimator')
    cd /Users/god/workspace/leastimator-ios
    

SwiftDriverJobDiscovery normal x86_64 Compiling ChartSheetView.swift (in target 'Leastimator' from project 'Leastimator')

** BUILD FAILED **


The following build commands failed:
	SwiftCompile normal arm64 /Users/god/workspace/leastimator-ios/Leastimator/HistoryLineChart.swift (in target 'Leastimator' from project 'Leastimator')
	SwiftCompile normal arm64 Compiling\ HistoryLineChart.swift /Users/god/workspace/leastimator-ios/Leastimator/HistoryLineChart.swift (in target 'Leastimator' from project 'Leastimator')
	Building project Leastimator with scheme Leastimator and configuration Debug
(3 failures)
